# Test case for BaseGeometry class

## Test area method
>>> bg = BaseGeometry()
>>> bg.area()
Traceback (most recent call last):
  ...
Exception: area() is not implemented

## Test integer_validator method with valid input
>>> bg.integer_validator("my_int", 10)

## Test integer_validator method with non-integer input
>>> bg.integer_validator("my_int", "10")
Traceback (most recent call last):
  ...
TypeError: my_int must be an integer

## Test integer_validator method with zero
>>> bg.integer_validator("my_int", 0)
Traceback (most recent call last):
  ...
ValueError: my_int must be greater than 0

## Test integer_validator method with negative value
>>> bg.integer_validator("my_int", -5)
Traceback (most recent call last):
  ...
ValueError: my_int must be greater than 0
