# tests/7-base_geometry.txt

# Test instantiation and methods of BaseGeometry

>>> BaseGeometry = __import__('7-base_geometry').BaseGeometry

# Create an instance of BaseGeometry
>>> bg = BaseGeometry()

# Test integer_validator with valid inputs
>>> bg.integer_validator("my_int", 12)

>>> bg.integer_validator("width", 89)

# Test integer_validator with invalid inputs

# Check TypeError when value is not an integer
>>> try:
...     bg.integer_validator("name", "John")
... except Exception as e:
...     print("[{}] {}".format(e.__class__.__name__, e))
[TypeError] name must be an integer

# Check ValueError when value is 0
>>> try:
...     bg.integer_validator("age", 0)
... except Exception as e:
...     print("[{}] {}".format(e.__class__.__name__, e))
[ValueError] age must be greater than 0

# Check ValueError when value is negative
>>> try:
...     bg.integer_validator("distance", -4)
... except Exception as e:
...     print("[{}] {}".format(e.__class__.__name__, e))
[ValueError] distance must be greater than 0

# Test area method

# Check area() method raises Exception with 'area() is not implemented'
>>> try:
...     bg.area()
... except Exception as e:
...     print("[{}] {}".format(e.__class__.__name__, e))
[Exception] area() is not implemented
